// Jest Snapshot v1, https://goo.gl/fbAQLP

exports[`NavBar component renders UI as expected 1`] = `
<div>
  <nav
    className="app-nav"
  >
    <ul
      className="nav-list"
    >
      <li
        className="nav-item"
      >
        <a
          href="/admin"
          onClick={[Function]}
        >
          Home
        </a>
      </li>
      <li
        className="nav-item"
      >
        <a
          href="/"
          onClick={[Function]}
        >
          Logout
        </a>
      </li>
    </ul>
  </nav>
</div>
`;
