// Jest Snapshot v1, https://goo.gl/fbAQLP

exports[`registration form renders UI as expected 1`] = `
<form
  className="RegistrationForm"
  onSubmit={[Function]}
>
  <div
    role="alert"
  />
  <div
    className="full_name"
  >
    <label
      htmlFor="RegistrationForm__full_name"
    >
      Full name 
      <span
        className="Required "
      >
        *
      </span>
    </label>
    <input
      className="Input form-input"
      id="RegistrationForm__full_name"
      name="full_name"
      required={true}
      type="text"
    />
  </div>
  <div
    className="user_name"
  >
    <label
      htmlFor="RegistrationForm__user_name"
    >
      Email 
      <span
        className="Required "
      >
        *
      </span>
    </label>
    <input
      className="Input form-input"
      id="RegistrationForm__user_name"
      name="user_name"
      required={true}
      type="text"
    />
  </div>
  <div
    className="password"
  >
    <label
      htmlFor="RegistrationForm__password"
    >
      Password 
      <span
        className="Required "
      >
        *
      </span>
    </label>
    <input
      className="Input form-input"
      id="RegistrationForm__password"
      name="password"
      required={true}
      type="password"
    />
    <p
      className="pass-req"
    >
      Password must be at least 8 characters and include at least one of each: uppercase letter, lowercase letter, number, and special character. 
    </p>
  </div>
  <button
    className="Button "
    type="submit"
  >
    Register
  </button>
</form>
`;
